---
source: src/world.rs
expression: world
---
World {
    ammo: 1000,
    gems: 1001,
    keys: Keys {
        blue: true,
        green: false,
        cyan: false,
        red: true,
        purple: false,
        yellow: false,
        white: true,
    },
    health: 1002,
    starting_board: 1,
    torches: 1003,
    torch_cycles: 1005,
    energizer_cycles: 1006,
    score: 1004,
    name: "all",
    flags: [
        "FOO",
        "BAR",
        "BAZ",
        "",
        "",
        "",
        "",
        "",
        "",
        "",
    ],
    time: 1007,
    time_ticks: 0,
    saved_game: true,
    boards: [
        Board {
            title: "Title screen",
            tiles: [Tile; 1500],
            max_shots: 255,
            is_dark: false,
            exit_north: None,
            exit_south: None,
            exit_west: None,
            exit_east: None,
            reenter_when_zapped: false,
            message: "",
            enter_x: 1,
            enter_y: 1,
            time_limit: 0,
            stats: [
                Stat {
                    x: 1,
                    y: 1,
                    step_x: 0,
                    step_y: 0,
                    cycle: 1,
                    p1: 0,
                    p2: 0,
                    p3: 0,
                    follower: 0,
                    leader: 0,
                    under: Tile {
                        element: 0,
                        color: 0,
                    },
                    instruction_pointer: 0,
                    program: Own(
                        "",
                    ),
                },
            ],
        },
        Board {
            title: "First board (NW, defaults)",
            tiles: [Tile; 1500],
            max_shots: 255,
            is_dark: false,
            exit_north: None,
            exit_south: Some(
                4,
            ),
            exit_west: None,
            exit_east: Some(
                2,
            ),
            reenter_when_zapped: false,
            message: "",
            enter_x: 1,
            enter_y: 1,
            time_limit: 0,
            stats: [
                Stat {
                    x: 1,
                    y: 1,
                    step_x: 0,
                    step_y: 0,
                    cycle: 1,
                    p1: 0,
                    p2: 0,
                    p3: 0,
                    follower: 0,
                    leader: 0,
                    under: Tile {
                        element: 0,
                        color: 0,
                    },
                    instruction_pointer: 0,
                    program: Own(
                        "",
                    ),
                },
            ],
        },
        Board {
            title: "Second board (NE, non-default settings)",
            tiles: [Tile; 1500],
            max_shots: 0,
            is_dark: true,
            exit_north: None,
            exit_south: Some(
                3,
            ),
            exit_west: Some(
                1,
            ),
            exit_east: None,
            reenter_when_zapped: true,
            message: "Hello, board message!",
            enter_x: 12,
            enter_y: 34,
            time_limit: 12345,
            stats: [
                Stat {
                    x: 1,
                    y: 1,
                    step_x: 0,
                    step_y: 0,
                    cycle: 1,
                    p1: 0,
                    p2: 0,
                    p3: 0,
                    follower: 0,
                    leader: 0,
                    under: Tile {
                        element: 0,
                        color: 0,
                    },
                    instruction_pointer: 0,
                    program: Own(
                        "",
                    ),
                },
            ],
        },
        Board {
            title: "Third board (SE, mostly object stats)",
            tiles: [Tile; 1500],
            max_shots: 255,
            is_dark: false,
            exit_north: Some(
                2,
            ),
            exit_south: None,
            exit_west: Some(
                4,
            ),
            exit_east: None,
            reenter_when_zapped: false,
            message: "",
            enter_x: 1,
            enter_y: 1,
            time_limit: 0,
            stats: [
                Stat {
                    x: 1,
                    y: 1,
                    step_x: 0,
                    step_y: 0,
                    cycle: 1,
                    p1: 0,
                    p2: 0,
                    p3: 0,
                    follower: 0,
                    leader: 0,
                    under: Tile {
                        element: 0,
                        color: 0,
                    },
                    instruction_pointer: 0,
                    program: Own(
                        "",
                    ),
                },
                Stat {
                    x: 3,
                    y: 2,
                    step_x: 0,
                    step_y: 0,
                    cycle: 3,
                    p1: 51,
                    p2: 0,
                    p3: 0,
                    follower: -1,
                    leader: -1,
                    under: Tile {
                        element: 0,
                        color: 15,
                    },
                    instruction_pointer: 0,
                    program: Own(
                        "I'm an object with default settings!\n",
                    ),
                },
                Stat {
                    x: 20,
                    y: 4,
                    step_x: 0,
                    step_y: 0,
                    cycle: 0,
                    p1: 0,
                    p2: 0,
                    p3: 1,
                    follower: -1,
                    leader: -1,
                    under: Tile {
                        element: 0,
                        color: 15,
                    },
                    instruction_pointer: 0,
                    program: Own(
                        "",
                    ),
                },
                Stat {
                    x: 5,
                    y: 2,
                    step_x: 0,
                    step_y: 0,
                    cycle: 1,
                    p1: 49,
                    p2: 1,
                    p3: 0,
                    follower: -1,
                    leader: -1,
                    under: Tile {
                        element: 0,
                        color: 15,
                    },
                    instruction_pointer: -1,
                    program: Own(
                        "@Multi-line object\nI'm an object with multiple lines of code.\nMy settings are different from defaults.\n",
                    ),
                },
                Stat {
                    x: 7,
                    y: 2,
                    step_x: 0,
                    step_y: 0,
                    cycle: 3,
                    p1: 64,
                    p2: 0,
                    p3: 0,
                    follower: -1,
                    leader: -1,
                    under: Tile {
                        element: 0,
                        color: 15,
                    },
                    instruction_pointer: 0,
                    program: Bound(
                        3,
                    ),
                },
                Stat {
                    x: 10,
                    y: 2,
                    step_x: 0,
                    step_y: 0,
                    cycle: 3,
                    p1: 9,
                    p2: 0,
                    p3: 0,
                    follower: -1,
                    leader: -1,
                    under: Tile {
                        element: 27,
                        color: 42,
                    },
                    instruction_pointer: 0,
                    program: Own(
                        "",
                    ),
                },
            ],
        },
        Board {
            title: "Fourth board (SW, other stats)",
            tiles: [Tile; 1500],
            max_shots: 255,
            is_dark: false,
            exit_north: Some(
                1,
            ),
            exit_south: None,
            exit_west: None,
            exit_east: Some(
                3,
            ),
            reenter_when_zapped: false,
            message: "",
            enter_x: 1,
            enter_y: 1,
            time_limit: 0,
            stats: [
                Stat {
                    x: 1,
                    y: 1,
                    step_x: 0,
                    step_y: 0,
                    cycle: 1,
                    p1: 0,
                    p2: 0,
                    p3: 0,
                    follower: 0,
                    leader: 0,
                    under: Tile {
                        element: 0,
                        color: 0,
                    },
                    instruction_pointer: 0,
                    program: Own(
                        "",
                    ),
                },
                Stat {
                    x: 3,
                    y: 2,
                    step_x: 0,
                    step_y: -1,
                    cycle: 4,
                    p1: 0,
                    p2: 0,
                    p3: 0,
                    follower: -1,
                    leader: -1,
                    under: Tile {
                        element: 0,
                        color: 15,
                    },
                    instruction_pointer: 0,
                    program: Own(
                        "",
                    ),
                },
                Stat {
                    x: 5,
                    y: 2,
                    step_x: 0,
                    step_y: 1,
                    cycle: 4,
                    p1: 0,
                    p2: 0,
                    p3: 0,
                    follower: -1,
                    leader: -1,
                    under: Tile {
                        element: 0,
                        color: 15,
                    },
                    instruction_pointer: 0,
                    program: Own(
                        "",
                    ),
                },
                Stat {
                    x: 7,
                    y: 2,
                    step_x: 1,
                    step_y: 0,
                    cycle: 4,
                    p1: 0,
                    p2: 0,
                    p3: 0,
                    follower: -1,
                    leader: -1,
                    under: Tile {
                        element: 0,
                        color: 15,
                    },
                    instruction_pointer: 0,
                    program: Own(
                        "",
                    ),
                },
                Stat {
                    x: 9,
                    y: 2,
                    step_x: -1,
                    step_y: 0,
                    cycle: 4,
                    p1: 0,
                    p2: 0,
                    p3: 0,
                    follower: -1,
                    leader: -1,
                    under: Tile {
                        element: 0,
                        color: 15,
                    },
                    instruction_pointer: 0,
                    program: Own(
                        "",
                    ),
                },
                Stat {
                    x: 3,
                    y: 4,
                    step_x: 0,
                    step_y: 0,
                    cycle: 2,
                    p1: 4,
                    p2: 4,
                    p3: 0,
                    follower: 6,
                    leader: -1,
                    under: Tile {
                        element: 0,
                        color: 15,
                    },
                    instruction_pointer: 0,
                    program: Own(
                        "",
                    ),
                },
                Stat {
                    x: 4,
                    y: 4,
                    step_x: 0,
                    step_y: 0,
                    cycle: 2,
                    p1: 0,
                    p2: 0,
                    p3: 0,
                    follower: 7,
                    leader: 5,
                    under: Tile {
                        element: 0,
                        color: 15,
                    },
                    instruction_pointer: 0,
                    program: Own(
                        "",
                    ),
                },
                Stat {
                    x: 5,
                    y: 4,
                    step_x: 0,
                    step_y: 0,
                    cycle: 2,
                    p1: 0,
                    p2: 0,
                    p3: 0,
                    follower: -1,
                    leader: 6,
                    under: Tile {
                        element: 0,
                        color: 15,
                    },
                    instruction_pointer: 0,
                    program: Own(
                        "",
                    ),
                },
            ],
        },
    ],
}
